// Jest Snapshot v1, https://goo.gl/fbAQLP

exports[`SwapRouter gas tests #exactInput 0 -> 1 -> 2 1`] = `214134`;

exports[`SwapRouter gas tests #exactInput 0 -> 1 1`] = `111625`;

exports[`SwapRouter gas tests #exactInput 0 -> 1 minimal 1`] = `105152`;

exports[`SwapRouter gas tests #exactInput 0 -> WETH9 1`] = `138565`;

exports[`SwapRouter gas tests #exactInput WETH9 -> 0 1`] = `111531`;

exports[`SwapRouter gas tests #exactOutput 0 -> 1 -> 2 1`] = `178159`;

exports[`SwapRouter gas tests #exactOutput 0 -> 1 1`] = `116063`;

exports[`SwapRouter gas tests #exactOutput 0 -> WETH9 1`] = `139680`;

exports[`SwapRouter gas tests #exactOutput WETH9 -> 0 1`] = `143762`;
