// Jest Snapshot v1, https://goo.gl/fbAQLP

exports[`SwapRouter bytecode size 1`] = `10279`;

exports[`SwapRouter swaps #exactInput ETH input WETH9 gas 1`] = `126673`;

exports[`SwapRouter swaps #exactInput ETH input WETH10 gas 1`] = `118510`;

exports[`SwapRouter swaps #exactInput ETH output WETH9 gas 1`] = `170939`;

exports[`SwapRouter swaps #exactInput ETH output WETH10 gas 1`] = `161475`;

exports[`SwapRouter swaps #exactInput multi-pair gas 1`] = `247163`;

exports[`SwapRouter swaps #exactInput single-pair gas 1`] = `144023`;

exports[`SwapRouter swaps #exactOutput ETH input WETH9 gas 1`] = `137834`;

exports[`SwapRouter swaps #exactOutput ETH input WETH10 gas 1`] = `129575`;

exports[`SwapRouter swaps #exactOutput ETH output WETH9 gas 1`] = `172083`;

exports[`SwapRouter swaps #exactOutput ETH output WETH10 gas 1`] = `162619`;

exports[`SwapRouter swaps #exactOutput multi-pair gas 1`] = `242605`;

exports[`SwapRouter swaps #exactOutput single-pair gas 1`] = `148479`;
